Haneul SDK Rebranding Script v1.0 — Started at 2026년  9월 24일 목요일 11시 47분 32초 KST
[11:47:32] Target: /Users/jeong-gh/sui-rust-sdk-v1.80.1
[11:47:32] 
[11:47:32] ========================================
[11:47:32]   STEP 0: Building file list
[11:47:32] ========================================
[11:47:32] Found 329 text files to process
[11:47:32] 
[11:47:32] ========================================
[11:47:32]   STEP 1: Protecting false-positive words
[11:47:32] ========================================
[11:47:32] Inserting placeholders...
[11:47:33] Step 1 complete
[11:47:33] 
[11:47:33] ========================================
[11:47:33]   STEP 2: Domain replacements
[11:47:33] ========================================
[11:47:33] Replacing domains...
[11:47:33] Step 2 complete
[11:47:33] 
[11:47:33] ========================================
[11:47:33]   STEP 3: Company name replacements
[11:47:33] ========================================
[11:47:33] Replacing company names...
[11:47:34] Replacing standalone mysten...
[11:47:34] Step 3 complete
[11:47:34] 
[11:47:34] ========================================
[11:47:34]   STEP 4: Token unit replacements (MIST → GEUNHWA)
[11:47:34] ========================================
[11:47:34] Replacing compound MIST forms...
[11:47:34] Replacing standalone MIST...
[11:47:34] Step 4 complete
[11:47:34] 
[11:47:34] ========================================
[11:47:34]   STEP 4b: Derivation path coin_type (784 → 8282)
[11:47:34] ========================================
[11:47:34] Replacing derivation path coin_type 784 → 8282...
[11:47:35] Step 4b complete
[11:47:35] 
[11:47:35] ========================================
[11:47:35]   STEP 5: Main blockchain name replacements (SUI → HANEUL)
[11:47:35] ========================================
[11:47:35] Replacing ALL occurrences of SUI/Sui/sui...
[11:47:35] Step 5 complete
[11:47:35] 
[11:47:35] ========================================
[11:47:35]   STEP 5b: Mixed-case typo cleanup
[11:47:35] ========================================
[11:47:35] Catching mixed-case sui variants...
[11:47:35] Step 5b complete
[11:47:35] 
[11:47:35] ========================================
[11:47:35]   STEP 6: Restoring protected words
[11:47:35] ========================================
[11:47:35] Restoring placeholders...
[11:47:36] Step 6 complete
[11:47:36] 
[11:47:36] ========================================
[11:47:36]   STEP 7: Restoring copyright headers
[11:47:36] ========================================
[11:47:36] Restoring Mysten Labs copyright headers...
[11:47:36] Step 7 complete
[11:47:36] 
[11:47:36] ========================================
[11:47:36]   STEP 8: Fixing GitHub URLs
[11:47:36] ========================================
[11:47:36] Redirecting GitHub org URLs to GeunhwaJeong...
[11:47:36] Fixing repo names that got mangled...
[11:47:37] Fixing email addresses...
[11:47:37] Fixing gh api URLs...
[11:47:37] Step 8 complete
[11:47:37] 
[11:47:37] ========================================
[11:47:37]   STEP 9: Renaming files
[11:47:37] ========================================
[11:47:37] Renaming files containing 'mysten'...
[11:47:37] Renaming files containing 'mist' (token-related only)...
[11:47:37] Renaming files containing 'sui' (skip false positives)...
[11:47:37]   File: sui.rpc.v2alpha.serde.rs → haneul.rpc.v2alpha.serde.rs
[11:47:37]   File: sui.rpc.v2alpha.rs → haneul.rpc.v2alpha.rs
[11:47:37]   File: sui.rpc.v2alpha.field_info.rs → haneul.rpc.v2alpha.field_info.rs
[11:47:37]   File: sui.rpc.v2alpha.fds.bin → haneul.rpc.v2alpha.fds.bin
[11:47:37]   File: sui.rpc.v2alpha.accessors.rs → haneul.rpc.v2alpha.accessors.rs
[11:47:37]   File: sui.rpc.v2.serde.rs → haneul.rpc.v2.serde.rs
[11:47:37]   File: sui.rpc.v2.rs → haneul.rpc.v2.rs
[11:47:37]   File: sui.rpc.v2.field_info.rs → haneul.rpc.v2.field_info.rs
[11:47:37]   File: sui.rpc.v2.fds.bin → haneul.rpc.v2.fds.bin
[11:47:37]   File: sui.rpc.v2.accessors.rs → haneul.rpc.v2.accessors.rs
[11:47:37]   File: sui.graphql → haneul.graphql
[11:47:37]   File: suipriv.rs → haneulpriv.rs
[11:47:37] Step 9 complete
[11:47:37] 
[11:47:37] ========================================
[11:47:37]   STEP 10: Renaming directories
[11:47:37] ========================================
[11:47:37] Renaming directories containing 'mysten'...
[11:47:37] Renaming directories containing 'sui' (skip false positives)...
[11:47:37]   Dir: sui-transaction-builder → haneul-transaction-builder
[11:47:37]   Dir: sui-sdk-types → haneul-sdk-types
[11:47:37]   Dir: sui → haneul
[11:47:37]   Dir: sui → haneul
[11:47:38]   Dir: sui → haneul
[11:47:38]   Dir: sui-rpc → haneul-rpc
[11:47:38]   Dir: sui-graphql → haneul-graphql
[11:47:38]   Dir: sui-graphql-macros → haneul-graphql-macros
[11:47:38]   Dir: sui-crypto → haneul-crypto
[11:47:38] Step 10 complete
[11:47:38] 
[11:47:38] ========================================
[11:47:38]   STEP 11: Post-rename safety passes
[11:47:38] ========================================
[11:47:38] Re-restoring copyright headers...
[11:47:38] Re-fixing GitHub URLs after path renames...
[11:47:38] Step 11 complete
[11:47:38] 
[11:47:38] ========================================
[11:47:38]   STEP 12: Fixing Bech32 checksums (haneulprivkey)
[11:47:38] ========================================
[11:47:38] Scanning for haneulprivkey strings and re-encoding checksums...
[11:47:38] Step 12 complete
[11:47:38] 
[11:47:38] ========================================
[11:47:38]   STEP 13: Fixing .gitignore
[11:47:38] ========================================
[11:47:38] Step 13 complete
[11:47:38] 
[11:47:38] ========================================
[11:47:38]   STEP 14: Validation
[11:47:38] ========================================
[11:47:38] Checking for remaining issues...
[11:47:38] Remaining 'sui' references (excluding English words): 0
[11:47:38] Mixed-case 'sui' typos: 0
[11:47:38] Remaining 'mysten' references: 37 (copyright + intentional)
[11:47:38] Damaged words: 0
[11:47:38] Leftover placeholders: 0
[11:47:38] Validating Bech32 checksums...
[11:47:38] Invalid Bech32 checksums remaining: 0
[11:47:38] Remaining derivation path 784: 0
[11:47:38] 
[11:47:38] ========================================
[11:47:38]   REBRANDING COMPLETE
[11:47:38] ========================================
[11:47:38] 
[11:47:38] Results:
[11:47:38]   Remaining 'sui' refs:       0
[11:47:38]   Mixed-case typos:           0
[11:47:38]   Remaining 'mysten' refs:    37 (copyright + intentional)
[11:47:38]   Damaged words:              0
[11:47:39]   Leftover placeholders:      0
[11:47:39]   Invalid Bech32 checksums:   0
[11:47:39]   Remaining deriv path 784:   0
[11:47:39] 
[11:47:39] POST-PROCESSING:
[11:47:39]   1. cd /Users/jeong-gh/sui-rust-sdk-v1.80.1 && cargo fmt --all
[11:47:39]   2. cargo check    # Verify compilation
[11:47:39]   3. Change git remote:
[11:47:39]      git remote set-url origin https://github.com/GeunhwaJeong/haneul-rust-sdk.git
[11:47:39]   4. Commit and push to a new branch
[11:47:39]   5. Update consuming repos to use new commit SHA
[11:47:39] 
[11:47:39] ========================================
[11:47:39]   STEP FINAL: Running cargo fmt
[11:47:39] ========================================
[11:47:39] Running cargo fmt --all...
[11:47:41] cargo fmt complete
[11:47:41] 
[11:47:41] Haneul SDK Rebranding Script v1.0 finished!
